mysql> delimiter //
mysql> CREATE TRIGGER invcheck BEFORE UPDATE ON foods FOR EACH ROW IF NEW.quantity < 20 THEN SET NEW.quantity = 20;
    -> END IF;
    -> //
ERROR 1046 (3D000): No database selected
mysql> use PetStore_development;
ERROR 1049 (42000): Unknown database 'PetStore_development;'
mysql> use PetStore_development//
Reading table information for completion of table and column names
You can turn off this feature to get a quicker startup with -A

Database changed
mysql> CREATE TRIGGER invcheck BEFORE UPDATE ON foods FOR EACH ROW IF NEW.quantity < 20 THEN SET NEW.quantity = 20; END IF;//
Query OK, 0 rows affected (0.09 sec)

mysql> CREATE TRIGGER toycheck BEFORE UPDATE ON toys FOR EACH ROW IF NEW.quantity < 20 THEN SET NEW.quantity = 20; END IF;//
Query OK, 0 rows affected (0.09 sec)

mysql> \q
